// Jest Snapshot v1, https://goo.gl/fbAQLP

exports[`parser should parse nested types 1`] = `
Array [
  Object {
    "description": "",
    "displayName": "ComponentWithNestedTypes",
    "methods": Array [],
    "props": Object {
      "gallery": Object {
        "defaultValue": Object {
          "value": "{
        mainImage: {
            src: '<src>'
        }
    }",
        },
        "description": "",
        "name": "gallery",
        "parent": undefined,
        "required": false,
        "type": Object {
          "description": "",
          "name": "gallery",
          "raw": "Gallery",
          "required": true,
          "type": "shape",
          "value": Array [
            Object {
              "description": "",
              "name": "mainImage",
              "raw": "Image",
              "required": true,
              "type": "shape",
              "value": Array [
                Object {
                  "description": "src description",
                  "name": "src",
                  "raw": "string",
                  "required": true,
                  "type": "string",
                  "value": "string",
                },
                Object {
                  "description": "showLoading description",
                  "name": "showLoading",
                  "raw": "boolean",
                  "required": false,
                  "type": "boolean",
                  "value": Array [
                    Object {
                      "description": "",
                      "name": "false",
                      "raw": "false",
                      "type": "boolean",
                      "value": "false",
                    },
                    Object {
                      "description": "",
                      "name": "true",
                      "raw": "true",
                      "type": "boolean",
                      "value": "true",
                    },
                  ],
                },
                Object {
                  "description": "",
                  "name": "type",
                  "raw": "ImageType",
                  "required": false,
                  "type": "enum",
                  "value": Array [
                    Object {
                      "description": "",
                      "name": "JPG",
                      "raw": "ImageType.JPG",
                      "type": "number",
                      "value": 0,
                    },
                    Object {
                      "description": "",
                      "name": "WEBP",
                      "raw": "ImageType.WEBP",
                      "type": "number",
                      "value": 1,
                    },
                    Object {
                      "description": "",
                      "name": "GIF",
                      "raw": "ImageType.GIF",
                      "type": "number",
                      "value": 2,
                    },
                  ],
                },
              ],
            },
            Object {
              "description": "",
              "name": "pages",
              "raw": "Page[]",
              "required": false,
              "type": "array",
              "value": Array [
                Object {
                  "description": "",
                  "name": "__type",
                  "raw": "Page",
                  "type": "shape",
                  "value": Array [
                    Object {
                      "description": "",
                      "name": "index",
                      "raw": "number",
                      "required": true,
                      "type": "string",
                      "value": "number",
                    },
                    Object {
                      "description": "",
                      "name": "image",
                      "raw": "Image",
                      "required": true,
                      "type": "shape",
                      "value": Array [
                        Object {
                          "description": "src description",
                          "name": "src",
                          "raw": "string",
                          "required": true,
                          "type": "string",
                          "value": "string",
                        },
                        Object {
                          "description": "showLoading description",
                          "name": "showLoading",
                          "raw": "boolean",
                          "required": false,
                          "type": "boolean",
                          "value": Array [
                            Object {
                              "description": "",
                              "name": "false",
                              "raw": "false",
                              "type": "boolean",
                              "value": "false",
                            },
                            Object {
                              "description": "",
                              "name": "true",
                              "raw": "true",
                              "type": "boolean",
                              "value": "true",
                            },
                          ],
                        },
                        Object {
                          "description": "",
                          "name": "type",
                          "raw": "ImageType",
                          "required": false,
                          "type": "enum",
                          "value": Array [
                            Object {
                              "description": "",
                              "name": "JPG",
                              "raw": "ImageType.JPG",
                              "type": "number",
                              "value": 0,
                            },
                            Object {
                              "description": "",
                              "name": "WEBP",
                              "raw": "ImageType.WEBP",
                              "type": "number",
                              "value": 1,
                            },
                            Object {
                              "description": "",
                              "name": "GIF",
                              "raw": "ImageType.GIF",
                              "type": "number",
                              "value": 2,
                            },
                          ],
                        },
                      ],
                    },
                  ],
                },
              ],
            },
          ],
        },
      },
      "status": Object {
        "defaultValue": null,
        "description": "",
        "name": "status",
        "parent": undefined,
        "required": false,
        "type": Object {
          "description": "",
          "name": "status",
          "raw": "\\"online\\" | \\"idle\\" | \\"hidden\\"",
          "required": false,
          "type": "enum",
          "value": Array [
            Object {
              "description": "",
              "name": "\\"online\\"",
              "raw": "\\"online\\"",
              "type": "string",
              "value": "online",
            },
            Object {
              "description": "",
              "name": "\\"idle\\"",
              "raw": "\\"idle\\"",
              "type": "string",
              "value": "idle",
            },
            Object {
              "description": "",
              "name": "\\"hidden\\"",
              "raw": "\\"hidden\\"",
              "type": "string",
              "value": "hidden",
            },
          ],
        },
      },
    },
  },
]
`;
