// Jest Snapshot v1, https://goo.gl/fbAQLP

exports[`parser should parse nested types 1`] = `
Array [
  Object {
    "description": "",
    "displayName": "ComponentWithNestedTypes",
    "methods": Array [],
    "props": Object {
      "gallery": Object {
        "deepType": Object {
          "documentation": "",
          "isOptional": false,
          "name": "gallery",
          "type": "shape",
          "typeName": "Gallery",
          "value": Array [],
        },
        "defaultValue": null,
        "description": "",
        "name": "gallery",
        "parent": undefined,
        "required": true,
        "type": Object {
          "name": "Gallery",
        },
      },
    },
  },
]
`;
