// Jest Snapshot v1, https://goo.gl/fbAQLP

exports[`parser should parse nested types 1`] = `
Array [
  Object {
    "description": "",
    "displayName": "ComponentWithNestedTypes",
    "methods": Array [],
    "props": Object {
      "gallery": Object {
        "deepType": Object {
          "documentation": "",
          "isOptional": false,
          "name": "gallery",
          "type": "shape",
          "typeName": "Gallery",
          "value": Array [
            Object {
              "documentation": "",
              "isOptional": false,
              "name": "mainImage",
              "type": "shape",
              "typeName": "Image",
              "value": Array [
                Object {
                  "documentation": "src description",
                  "isOptional": false,
                  "name": "src",
                  "type": "string",
                  "typeName": "string",
                  "value": "string",
                },
                Object {
                  "documentation": "showLoading description",
                  "isOptional": false,
                  "name": "showLoading",
                  "type": "boolean",
                  "typeName": "boolean",
                  "value": "true | false",
                },
                Object {
                  "documentation": "",
                  "isOptional": false,
                  "name": "type",
                  "type": "enum",
                  "typeName": "ImageType",
                  "value": Array [
                    Object {
                      "documentation": "",
                      "name": "JPG",
                      "type": "number",
                      "typeName": "ImageType.JPG",
                      "value": 0,
                    },
                    Object {
                      "documentation": "",
                      "name": "WEBP",
                      "type": "number",
                      "typeName": "ImageType.WEBP",
                      "value": 1,
                    },
                    Object {
                      "documentation": "",
                      "name": "GIF",
                      "type": "number",
                      "typeName": "ImageType.GIF",
                      "value": 2,
                    },
                  ],
                },
              ],
            },
            Object {
              "documentation": "",
              "isOptional": false,
              "name": "pages",
              "type": "array",
              "typeName": "Page[]",
              "value": Array [
                Object {
                  "documentation": "",
                  "name": "__type",
                  "type": "shape",
                  "typeName": "Page",
                  "value": Array [
                    Object {
                      "documentation": "",
                      "isOptional": false,
                      "name": "index",
                      "type": "string",
                      "typeName": "number",
                      "value": "number",
                    },
                    Object {
                      "documentation": "",
                      "isOptional": false,
                      "name": "image",
                      "type": "shape",
                      "typeName": "Image",
                      "value": Array [
                        Object {
                          "documentation": "src description",
                          "isOptional": false,
                          "name": "src",
                          "type": "string",
                          "typeName": "string",
                          "value": "string",
                        },
                        Object {
                          "documentation": "showLoading description",
                          "isOptional": false,
                          "name": "showLoading",
                          "type": "boolean",
                          "typeName": "boolean",
                          "value": "true | false",
                        },
                        Object {
                          "documentation": "",
                          "isOptional": false,
                          "name": "type",
                          "type": "enum",
                          "typeName": "ImageType",
                          "value": Array [
                            Object {
                              "documentation": "",
                              "name": "JPG",
                              "type": "number",
                              "typeName": "ImageType.JPG",
                              "value": 0,
                            },
                            Object {
                              "documentation": "",
                              "name": "WEBP",
                              "type": "number",
                              "typeName": "ImageType.WEBP",
                              "value": 1,
                            },
                            Object {
                              "documentation": "",
                              "name": "GIF",
                              "type": "number",
                              "typeName": "ImageType.GIF",
                              "value": 2,
                            },
                          ],
                        },
                      ],
                    },
                  ],
                },
              ],
            },
          ],
        },
        "defaultValue": null,
        "description": "",
        "name": "gallery",
        "parent": undefined,
        "required": true,
        "type": Object {
          "name": "Gallery",
        },
      },
    },
  },
]
`;
